../Core/Src/main.c:75:6:print	16	static
../Core/Src/main.c:98:6:getName	8	static
../Core/Src/main.c:121:9:checkBthModule	24	static
../Core/Src/main.c:155:5:main	8	static
../Core/Src/main.c:215:6:SystemClock_Config	88	static
../Core/Src/main.c:262:13:MX_USART3_UART_Init	8	static
../Core/Src/main.c:295:13:MX_USART6_UART_Init	8	static
../Core/Src/main.c:328:13:MX_GPIO_Init	48	static
../Core/Src/main.c:365:6:HAL_UARTEx_RxEventCallback	16	static
../Core/Src/main.c:399:6:Error_Handler	4	static,ignoring_inline_asm
